EN gate_controller NULL C:/Users/minchul/Documents/autoparkinglot/gate_controller.vhd sub00/vhpl36 1465714086
EN keypad_controller NULL C:/Users/minchul/Documents/autoparkinglot/keypad_controller.vhd sub00/vhpl30 1465714088
AR seg_controller behavioral C:/Users/minchul/Documents/autoparkinglot/seg_controller.vhd sub00/vhpl35 1465714079
EN clk_25m NULL C:/Users/minchul/Documents/autoparkinglot/clk_25m.vhd sub00/vhpl44 1465807564
AR btn_clock_divider behavioral C:/Users/minchul/Documents/autoparkinglot/btn_clock_divider.vhd sub00/vhpl17 1465647254
AR counter0to23 counter0to23_a C:/Users/minchul/Documents/autoparkinglot/ipcore_dir/counter0to23.vhd sub00/vhpl58 1465807561
AR seg_clk_divider behavioral C:/Users/minchul/Documents/autoparkinglot/seg_clk_divider.vhd sub00/vhpl29 1465714075
AR top_module behavioral C:/Users/minchul/Documents/autoparkinglot/top_module.vhd sub00/vhpl07 1465714105
AR led_decoder behavioral C:/Users/minchul/Documents/autoparkinglot/led_decoder.vhd sub00/vhpl04 1465714083
EN ledcontroller NULL C:/Users/minchul/Documents/autoparkinglot/ledcontroller.vhd sub00/vhpl05 1465714084
AR reg behavioral C:/Users/minchul/Documents/autoparkinglot/reg.vhd sub00/vhpl25 1465714065
EN dff NULL C:/Users/minchul/Documents/autoparkinglot/dff.vhd sub00/vhpl18 1465714058
AR calculator behavioral C:/Users/minchul/Documents/autoparkinglot/calculator.vhd sub00/vhpl39 1465714073
AR ram_state_machine behavioral C:/Users/minchul/Documents/autoparkinglot/ram_state_machine.vhd sub00/vhpl56 1465737012
EN counter_0_to_23 NULL C:/Users/minchul/Documents/autoparkinglot/counter_0_to_23.vhd sub00/vhpl12 1465726849
AR numsrom numsrom_a C:/Users/minchul/Documents/autoparkinglot/ipcore_dir/NumsRom.vhd sub00/vhpl43 1465714097
EN u_clk_new NULL C:/Users/minchul/Documents/autoparkinglot/u_clk_new.vhd sub00/vhpl46 1465807562
AR ram ram_a C:/Users/minchul/Documents/autoparkinglot/ipcore_dir/ram.vhd sub00/vhpl50 1465712268
AR ram_controller behavioral C:/Users/minchul/Documents/autoparkinglot/ram_controller.vhd sub00/vhpl52 1465807567
EN select_car_controller NULL C:/Users/minchul/Documents/autoparkinglot/select_car_controller.vhd sub00/vhpl20 1465647257
EN led_decoder NULL C:/Users/minchul/Documents/autoparkinglot/led_decoder.vhd sub00/vhpl03 1465714082
AR keypad_controller behavioral C:/Users/minchul/Documents/autoparkinglot/keypad_controller.vhd sub00/vhpl31 1465714089
EN shift_register_6bit NULL C:/Users/minchul/Documents/autoparkinglot/shift_register_6bit.vhd sub00/vhpl32 1465714076
AR shift_register_6bit behavioral C:/Users/minchul/Documents/autoparkinglot/shift_register_6bit.vhd sub00/vhpl33 1465714077
AR lcd_25m_clk behavioral C:/Users/minchul/Documents/autoparkinglot/lcd_25m_clk.vhd sub00/vhpl49 1465714093
EN count_0to5 NULL C:/Users/minchul/Documents/autoparkinglot/count_0to5.vhd sub00/vhpl22 1465714062
AR ledcontroller behavioral C:/Users/minchul/Documents/autoparkinglot/ledcontroller.vhd sub00/vhpl06 1465714085
EN car_reg_ram NULL C:/Users/minchul/Documents/autoparkinglot/ipcore_dir/car_reg_ram.vhd sub00/vhpl53 1465807558
EN top_module NULL C:/Users/minchul/Documents/autoparkinglot/top_module.vhd sub00/vhpl00 1465714104
EN digi_clk NULL C:/Users/minchul/Documents/autoparkinglot/digi_clk.vhd sub00/vhpl08 1465714094
AR empty_address_finder behavioral C:/Users/minchul/Documents/autoparkinglot/empty_address_finder.vhd sub00/vhpl15 1465726703
EN counter0to23 NULL C:/Users/minchul/Documents/autoparkinglot/ipcore_dir/counter0to23.vhd sub00/vhpl57 1465807560
AR select_car_controller behavioral C:/Users/minchul/Documents/autoparkinglot/select_car_controller.vhd sub00/vhpl21 1465647258
AR tft_lcd_image behavioral C:/Users/minchul/Documents/autoparkinglot/TFT_LCD_Image.vhd sub00/vhpl41 1465714099
AR digi_clk behavioral C:/Users/minchul/Documents/autoparkinglot/digi_clk.vhd sub00/vhpl09 1465714095
AR car_reg_ram car_reg_ram_a C:/Users/minchul/Documents/autoparkinglot/ipcore_dir/car_reg_ram.vhd sub00/vhpl54 1465807559
EN calculator NULL C:/Users/minchul/Documents/autoparkinglot/calculator.vhd sub00/vhpl38 1465714072
EN numsrom NULL C:/Users/minchul/Documents/autoparkinglot/ipcore_dir/NumsRom.vhd sub00/vhpl42 1465714096
EN lcd_25m_clk NULL C:/Users/minchul/Documents/autoparkinglot/lcd_25m_clk.vhd sub00/vhpl48 1465714092
AR ram behavioral D:/autoparkinglot/ram.vhd sub00/vhpl11 1464690384
AR counter_0_to_23 behavioral C:/Users/minchul/Documents/autoparkinglot/counter_0_to_23.vhd sub00/vhpl13 1465726850
EN tft_lcd_image NULL C:/Users/minchul/Documents/autoparkinglot/TFT_LCD_Image.vhd sub00/vhpl40 1465714098
EN seg_clk_divider NULL C:/Users/minchul/Documents/autoparkinglot/seg_clk_divider.vhd sub00/vhpl28 1465714074
AR gate_controller behavioral C:/Users/minchul/Documents/autoparkinglot/gate_controller.vhd sub00/vhpl37 1465714087
EN ram_state_machine NULL C:/Users/minchul/Documents/autoparkinglot/ram_state_machine.vhd sub00/vhpl55 1465737011
EN ram_controller NULL C:/Users/minchul/Documents/autoparkinglot/ram_controller.vhd sub00/vhpl51 1465807566
AR count_0to5 behavioral C:/Users/minchul/Documents/autoparkinglot/count_0to5.vhd sub00/vhpl23 1465714063
AR dff behavioral C:/Users/minchul/Documents/autoparkinglot/dff.vhd sub00/vhpl19 1465714059
EN led_clock_divider NULL C:/Users/minchul/Documents/autoparkinglot/led_clock_divider.vhd sub00/vhpl01 1465714080
AR clk_25m behavioral C:/Users/minchul/Documents/autoparkinglot/clk_25m.vhd sub00/vhpl45 1465807565
EN ram NULL C:/Users/minchul/Documents/autoparkinglot/ipcore_dir/ram.vhd sub00/vhpl10 1465712267
EN x4_clk_divider NULL C:/Users/minchul/Documents/autoparkinglot/x4_clk_divider.vhd sub00/vhpl26 1465714070
EN empty_address_finder NULL C:/Users/minchul/Documents/autoparkinglot/empty_address_finder.vhd sub00/vhpl14 1465726702
EN btn_clock_divider NULL C:/Users/minchul/Documents/autoparkinglot/btn_clock_divider.vhd sub00/vhpl16 1465647253
AR u_clk_new behavioral C:/Users/minchul/Documents/autoparkinglot/u_clk_new.vhd sub00/vhpl47 1465807563
EN reg NULL C:/Users/minchul/Documents/autoparkinglot/reg.vhd sub00/vhpl24 1465714064
EN seg_controller NULL C:/Users/minchul/Documents/autoparkinglot/seg_controller.vhd sub00/vhpl34 1465714078
AR x4_clk_divider behavioral C:/Users/minchul/Documents/autoparkinglot/x4_clk_divider.vhd sub00/vhpl27 1465714071
AR led_clock_divider behavioral C:/Users/minchul/Documents/autoparkinglot/led_clock_divider.vhd sub00/vhpl02 1465714081
