EN gate_controller NULL C:/Users/minchul/Documents/autoparkinglot/gate_controller.vhd sub00/vhpl36 1465704942
EN keypad_controller NULL C:/Users/minchul/Documents/autoparkinglot/keypad_controller.vhd sub00/vhpl30 1465704944
AR seg_controller behavioral C:/Users/minchul/Documents/autoparkinglot/seg_controller.vhd sub00/vhpl35 1465704933
AR btn_clock_divider behavioral C:/Users/minchul/Documents/autoparkinglot/btn_clock_divider.vhd sub00/vhpl17 1465647254
AR seg_clk_divider behavioral C:/Users/minchul/Documents/autoparkinglot/seg_clk_divider.vhd sub00/vhpl29 1465704929
AR top_module behavioral C:/Users/minchul/Documents/autoparkinglot/top_module.vhd sub00/vhpl07 1465704947
AR led_decoder behavioral C:/Users/minchul/Documents/autoparkinglot/led_decoder.vhd sub00/vhpl04 1465704937
EN ledcontroller NULL C:/Users/minchul/Documents/autoparkinglot/ledcontroller.vhd sub00/vhpl05 1465704938
AR reg behavioral C:/Users/minchul/Documents/autoparkinglot/reg.vhd sub00/vhpl25 1465704923
EN dff NULL C:/Users/minchul/Documents/autoparkinglot/dff.vhd sub00/vhpl18 1465704918
AR calculator behavioral C:/Users/minchul/Documents/autoparkinglot/calculator.vhd sub00/vhpl39 1465704927
EN counter_0_to_23 NULL C:/Users/minchul/Documents/autoparkinglot/counter_0_to_23.vhd sub00/vhpl12 1465634966
EN select_car_controller NULL C:/Users/minchul/Documents/autoparkinglot/select_car_controller.vhd sub00/vhpl20 1465647257
EN led_decoder NULL C:/Users/minchul/Documents/autoparkinglot/led_decoder.vhd sub00/vhpl03 1465704936
AR keypad_controller behavioral C:/Users/minchul/Documents/autoparkinglot/keypad_controller.vhd sub00/vhpl31 1465704945
EN shift_register_6bit NULL C:/Users/minchul/Documents/autoparkinglot/shift_register_6bit.vhd sub00/vhpl32 1465704930
AR shift_register_6bit behavioral C:/Users/minchul/Documents/autoparkinglot/shift_register_6bit.vhd sub00/vhpl33 1465704931
EN count_0to5 NULL C:/Users/minchul/Documents/autoparkinglot/count_0to5.vhd sub00/vhpl22 1465704920
AR ledcontroller behavioral C:/Users/minchul/Documents/autoparkinglot/ledcontroller.vhd sub00/vhpl06 1465704939
EN top_module NULL C:/Users/minchul/Documents/autoparkinglot/top_module.vhd sub00/vhpl00 1465704946
EN digi_clk NULL C:/Users/minchul/Documents/autoparkinglot/digi_timer.vhd sub00/vhpl08 1465704940
AR empty_address_finder behavioral C:/Users/minchul/Documents/autoparkinglot/empty_address_finder.vhd sub00/vhpl15 1465634354
AR select_car_controller behavioral C:/Users/minchul/Documents/autoparkinglot/select_car_controller.vhd sub00/vhpl21 1465647258
AR digi_clk behavioral C:/Users/minchul/Documents/autoparkinglot/digi_timer.vhd sub00/vhpl09 1465704941
EN calculator NULL C:/Users/minchul/Documents/autoparkinglot/calculator.vhd sub00/vhpl38 1465704926
AR ram behavioral D:/autoparkinglot/ram.vhd sub00/vhpl11 1464690384
AR counter_0_to_23 behavioral C:/Users/minchul/Documents/autoparkinglot/counter_0_to_23.vhd sub00/vhpl13 1465634967
EN seg_clk_divider NULL C:/Users/minchul/Documents/autoparkinglot/seg_clk_divider.vhd sub00/vhpl28 1465704928
AR gate_controller behavioral C:/Users/minchul/Documents/autoparkinglot/gate_controller.vhd sub00/vhpl37 1465704943
AR count_0to5 behavioral C:/Users/minchul/Documents/autoparkinglot/count_0to5.vhd sub00/vhpl23 1465704921
AR dff behavioral C:/Users/minchul/Documents/autoparkinglot/dff.vhd sub00/vhpl19 1465704919
EN led_clock_divider NULL C:/Users/minchul/Documents/autoparkinglot/led_clock_divider.vhd sub00/vhpl01 1465704934
EN ram NULL D:/autoparkinglot/ram.vhd sub00/vhpl10 1464690383
EN x4_clk_divider NULL C:/Users/minchul/Documents/autoparkinglot/x4_clk_divider.vhd sub00/vhpl26 1465704924
EN empty_address_finder NULL C:/Users/minchul/Documents/autoparkinglot/empty_address_finder.vhd sub00/vhpl14 1465634968
EN btn_clock_divider NULL C:/Users/minchul/Documents/autoparkinglot/btn_clock_divider.vhd sub00/vhpl16 1465647253
EN reg NULL C:/Users/minchul/Documents/autoparkinglot/reg.vhd sub00/vhpl24 1465704922
EN seg_controller NULL C:/Users/minchul/Documents/autoparkinglot/seg_controller.vhd sub00/vhpl34 1465704932
AR x4_clk_divider behavioral C:/Users/minchul/Documents/autoparkinglot/x4_clk_divider.vhd sub00/vhpl27 1465704925
AR led_clock_divider behavioral C:/Users/minchul/Documents/autoparkinglot/led_clock_divider.vhd sub00/vhpl02 1465704935
